// Jest Snapshot v1, https://goo.gl/fbAQLP

exports[`TimerComponent.vue should render property 1`] = `<section>02 : 01</section>`;
